// Jest Snapshot v1, https://goo.gl/fbAQLP

exports[`should render expense list items 1`] = `
<div>
  <Link
    to="/edit/2"
  >
    <h3>
      Rent
    </h3>
  </Link>
  <p>
    â‚¦
    1,900.05
    -
    December 28th, 1969
  </p>
</div>
`;
